<html>
<body>
<pre>
<h1>礦ision Build Log</h1>
<h2>Tool Versions:</h2>
IDE-Version: μVision V5.20.0.0
Copyright (C) 2016 ARM Ltd and ARM Germany GmbH. All rights reserved.
License Information: li007 li007, wqe, LIC=GE7DL-0VMSS-UMK9A-1K110-MM33H-JZ98L
 
Tool Versions:
Toolchain:       MDK-ARM Professional  Version: 5.20
Toolchain Path:  E:\keil5\ARM\ARMCC\Bin
C Compiler:      Armcc.exe V5.06 update 2 (build 183)
Assembler:       Armasm.exe V5.06 update 2 (build 183)
Linker/Locator:  ArmLink.exe V5.06 update 2 (build 183)
Library Manager: ArmAr.exe V5.06 update 2 (build 183)
Hex Converter:   FromElf.exe V5.06 update 2 (build 183)
CPU DLL:         SARMCM3.DLL V5.20
Dialog DLL:      DARMSTM.DLL V1.66.0.0
Target DLL:      coocox-agdi.dll V???
Dialog DLL:      TARMSTM.DLL V1.65.0.0
 
<h2>Project:</h2>
H:\竞赛2022\蓝桥杯嵌入式\资料\赛点资源数据包_2020\8-液晶驱动参考例程\CT117E-LCD\Project\CT117E-LCD.uvproj
Project File Date:  11/14/2021

<h2>Output:</h2>
*** Using Compiler 'V5.06 update 2 (build 183)', folder: 'E:\keil5\ARM\ARMCC\Bin'
Build target 'Target 1'
assembling startup_stm32f10x_md.s...
compiling core_cm3.c...
compiling lcd.c...
compiling stm32f10x_gpio.c...
compiling stm32f10x_rcc.c...
compiling system_stm32f10x.c...
compiling main.c...
compiling stm32f10x_it.c...
linking...
Program Size: Code=5650 RO-data=4830 RW-data=52 ZI-data=1636  
FromELF: creating hex file...
"..\Output\CT117E-LCD.axf" - 0 Error(s), 0 Warning(s).
Build Time Elapsed:  00:00:03
</pre>
</body>
</html>
